// Vitest Snapshot v1, https://vitest.dev/guide/snapshot.html

exports[`TopMovieCard.vue > should render correctly 1`] = `
<div
  data-v-71284700=""
>
  <v-skeleton-loader
    class="top-movie-card__title"
    color="rgb(28,28,28)"
    data-v-71284700=""
    elevation="3"
    type="paragraph"
  />
  <div
    data-v-71284700=""
  >
    <v-skeleton-loader
      class="top-movie-card__carousel-container"
      color="rgb(28,28,28)"
      data-v-71284700=""
      elevation="3"
      type="card"
    />
  </div>
</div>
`;
